Episode    0 | Reward: 30.0 | Steps:   30 | Actor Loss: 0.0424 | Critic Loss: 0.9361
Episode   50 | Reward: 45.0 | Steps:   45 | Actor Loss: -0.0114 | Critic Loss: 0.6925
Episode  100 | Reward: 281.0 | Steps:  281 | Actor Loss: 0.1417 | Critic Loss: 0.1029
Episode  150 | Reward: 470.0 | Steps:  470 | Actor Loss: -0.0737 | Critic Loss: 0.3627
Episode  200 | Reward: 357.0 | Steps:  357 | Actor Loss: -0.1418 | Critic Loss: 1.0080
Episode  250 | Reward: 170.0 | Steps:  170 | Actor Loss: 0.0762 | Critic Loss: 0.0655
Episode  300 | Reward: 335.0 | Steps:  335 | Actor Loss: 0.3779 | Critic Loss: 0.6915
Episode  350 | Reward: 320.0 | Steps:  320 | Actor Loss: -0.0395 | Critic Loss: 0.1035
Episode  400 | Reward: 419.0 | Steps:  419 | Actor Loss: -0.0181 | Critic Loss: 0.0482
Episode  450 | Reward: 500.0 | Steps:  500 | Actor Loss: 0.1332 | Critic Loss: 0.5819
Episode  500 | Reward: 500.0 | Steps:  500 | Actor Loss: 0.2156 | Critic Loss: 1.2419
Episode  550 | Reward: 500.0 | Steps:  500 | Actor Loss: 0.2553 | Critic Loss: 0.6118
Episode  600 | Reward: 180.0 | Steps:  180 | Actor Loss: 0.0615 | Critic Loss: 0.0815
Episode  650 | Reward: 500.0 | Steps:  500 | Actor Loss: -0.2940 | Critic Loss: 1.3013
Episode  700 | Reward: 500.0 | Steps:  500 | Actor Loss: -0.0006 | Critic Loss: 1.0061
Episode  750 | Reward: 377.0 | Steps:  377 | Actor Loss: 0.1119 | Critic Loss: 0.6989
Episode  800 | Reward: 386.0 | Steps:  386 | Actor Loss: 0.0022 | Critic Loss: 0.1541
Episode  850 | Reward: 500.0 | Steps:  500 | Actor Loss: -0.0377 | Critic Loss: 0.8826
Episode  900 | Reward: 500.0 | Steps:  500 | Actor Loss: 0.1856 | Critic Loss: 0.9161
Episode  950 | Reward: 500.0 | Steps:  500 | Actor Loss: -0.0362 | Critic Loss: 0.9331

Training complete.

--- Testing ---
Total resets in 1000 steps: 2
SUCCESS: fewer than 50 resets achieved!
